     1     0     0
     0     1     0
     0     0     1
 
     1     0     0
     1     2     0
     1     0     2
 
     2     0     0
     0     2     0
     0     0     2
 
     1     0     0
     1     4     0
     1     0     4
 
     3     0     0
     0     3     0
     0     0     3
 
     2     0     0
     2     4     0
     2     0     4
 
     4     0     0
     0     4     0
     0     0     4
 
     3     0     0
     3     6     0
     3     0     6
 
     5     0     0
     0     5     0
     0     0     5
 
     2     0     0
     2     8     0
     2     0     8
 
     6     0     0
     0     6     0
     0     0     6
 
     4     0     0
     4     8     0
     4     0     8
 
     7     0     0
     0     7     0
     0     0     7
 
     3     0     0
     3    12     0
     3     0    12
 
     5     0     0
     5    10     0
     5     0    10
 
